
> poke-craft-idle@1.8.0 build
> vite build

[36mvite v8.0.9 [32mbuilding client environment for production...[36m[39m
[2K
transforming...Ô£ô 69 modules transformed.
node.exe : [31mÔ£ù[39m Build failed in 1.85s
No linha:1 caractere:1
+ & "C:\Program Files\nodejs/node.exe" "C:\Users\t31229\AppData\Roaming ...
+ ~~~~~~~~~~~~~~~~~~~~~~~~~~~~~~~~~~~~~~~~~~~~~~~~~~~~~~~~~~~~~~~~~~~~~
    + CategoryInfo          : NotSpecified: ([31mÔ£ù[39m Build failed in 1.85s:String) [], RemoteException
    + FullyQualifiedErrorId : NativeCommandError
 
[31merror during build:
[31mBuild failed with 1 error:

[31m[builtin:vite-transform] Error:[0m Duplicated export 'POKE_MART_DRINKS'
     [38;5;246mÔò¡[0m[38;5;246mÔöÇ[0m[38;5;246m[[0m src/data/constants.js:164:14 [38;5;246m][0m
     [38;5;246mÔöé[0m
 [38;5;246m164 Ôöé[0m 
[38;5;249me[0m[38;5;249mx[0m[38;5;249mp[0m[38;5;249mo[0m[38;5;249mr[0m[38;5;249mt[0m[38;5;249m 
[0m[38;5;249mc[0m[38;5;249mo[0m[38;5;249mn[0m[38;5;249ms[0m[38;5;249mt[0m[38;5;249m 
[0mPOKE_MART_DRINKS[38;5;249m [0m[38;5;249m=[0m[38;5;249m [0m[38;5;249m[[0m
 [38;5;240m    Ôöé[0m              ÔöÇÔöÇÔöÇÔöÇÔöÇÔöÇÔöÇÔöÇÔö¼ÔöÇÔöÇÔöÇÔöÇÔöÇÔöÇÔöÇ  
 [38;5;240m    Ôöé[0m                      Ôò░ÔöÇÔöÇÔöÇÔöÇÔöÇÔöÇÔöÇÔöÇÔöÇ Export has already been declared here
 [38;5;240m    Ôöé[0m 
 [38;5;246m234 Ôöé[0m 
[38;5;249me[0m[38;5;249mx[0m[38;5;249mp[0m[38;5;249mo[0m[38;5;249mr[0m[38;5;249mt[0m[38;5;249m 
[0m[38;5;249mc[0m[38;5;249mo[0m[38;5;249mn[0m[38;5;249ms[0m[38;5;249mt[0m[38;5;249m 
[0mPOKE_MART_DRINKS[38;5;249m [0m[38;5;249m=[0m[38;5;249m [0m[38;5;249m[[0m
 [38;5;240m    Ôöé[0m              ÔöÇÔöÇÔöÇÔöÇÔöÇÔöÇÔöÇÔöÇÔö¼ÔöÇÔöÇÔöÇÔöÇÔöÇÔöÇÔöÇ  
 [38;5;240m    Ôöé[0m                      Ôò░ÔöÇÔöÇÔöÇÔöÇÔöÇÔöÇÔöÇÔöÇÔöÇ It cannot be redeclared here
[38;5;246mÔöÇÔöÇÔöÇÔöÇÔöÇÔò»[0m
[31m
    at aggregateBindingErrorsIntoJsError (file:///C:/Users/t31229/Desktop/pokecraftidle-main/pokecraftidle-main/node_mo
dules/rolldown/dist/shared/error-DAA7ncC5.mjs:48:18)
    at unwrapBindingResult (file:///C:/Users/t31229/Desktop/pokecraftidle-main/pokecraftidle-main/node_modules/rolldown
/dist/shared/error-DAA7ncC5.mjs:18:128)
    at #build (file:///C:/Users/t31229/Desktop/pokecraftidle-main/pokecraftidle-main/node_modules/rolldown/dist/shared/
rolldown-build-BPKCFYpX.mjs:3317:34)
    at async buildEnvironment (file:///C:/Users/t31229/Desktop/pokecraftidle-main/pokecraftidle-main/node_modules/vite/
dist/node/chunks/node.js:32999:64)
    at async Object.build (file:///C:/Users/t31229/Desktop/pokecraftidle-main/pokecraftidle-main/node_modules/vite/dist
/node/chunks/node.js:33421:19)
    at async Object.buildApp (file:///C:/Users/t31229/Desktop/pokecraftidle-main/pokecraftidle-main/node_modules/vite/d
ist/node/chunks/node.js:33418:153)
    at async CAC.<anonymous> 
(file:///C:/Users/t31229/Desktop/pokecraftidle-main/pokecraftidle-main/node_modules/vite/dist/node/cli.js:778:3) {
  errors: [Getter/Setter]
}[39m
